// Jest Snapshot v1, https://goo.gl/fbAQLP

exports[`<FilterInput />  Filterinput should have styles 1`] = `
.c0 {
  border: solid 1px;
  border-radius: 0.3em;
}

<div
  className="c0"
/>
`;

exports[`<FilterInput />  Frilterinput should render self and other imports 1`] = `
.c0 {
  border: solid 1px;
  border-radius: 0.3em;
}

<Provider
  store={
    Object {
      "dispatch": [Function],
      "getState": [Function],
      "replaceReducer": [Function],
      "subscribe": [Function],
      Symbol(observable): [Function],
    }
  }
>
  <Connect(FilterInput)>
    <FilterInput
      filterValue=""
      setFilterValue={[Function]}
    >
      <section
        className="search-panel"
      >
        <div
          className="input-group mb-3"
        />
        <styled.div>
          <StyledComponent
            forwardedComponent={
              Object {
                "$$typeof": Symbol(react.forward_ref),
                "attrs": Array [],
                "componentStyle": ComponentStyle {
                  "componentId": "sc-EHOje",
                  "isStatic": false,
                  "lastClassName": "c0",
                  "rules": Array [
                    "
    border: solid 1px;
    border-radius: 0.3em;
",
                  ],
                },
                "displayName": "styled.div",
                "foldedComponentIds": Array [],
                "render": [Function],
                "styledComponentId": "sc-EHOje",
                "target": "div",
                "toString": [Function],
                "warnTooManyClasses": [Function],
                "withComponent": [Function],
              }
            }
            forwardedRef={null}
          >
            <div
              className="c0"
            >
              <input
                className="form-control"
                onChange={[Function]}
                placeholder="type for search"
                value=""
              />
            </div>
          </StyledComponent>
        </styled.div>
      </section>
    </FilterInput>
  </Connect(FilterInput)>
</Provider>
`;
