// Jest Snapshot v1, https://goo.gl/fbAQLP

exports[`Spinner Component should be render jn Spinner 1`] = `
<div
  className="spinner-container"
>
  <styled.div>
    <styled.div>
      <div
        className="spinner-pulse"
      >
        <div
          className="spinner-elements"
        >
          <styled.div>
            <div />
          </styled.div>
          <styled.div>
            <div />
          </styled.div>
          <styled.div>
            <div />
          </styled.div>
        </div>
      </div>
    </styled.div>
  </styled.div>
</div>
`;
